<?xml version="1.0" encoding="UTF-8"?>
<TestRun id="dd49e9b4-e755-4e0c-be0d-afd67ea0fdc9" name="marmur@WINVBOX 2011-02-28 23:49:16" runUser="WINVBOX\marmur" xmlns="http://microsoft.com/schemas/VisualStudio/TeamTest/2006">
  <TestRunConfiguration name="Local Test Run" id="e3ab33fe-ebdc-4fdb-bc03-425b279958b6">
    <Description>This is a default test run configuration for a local test run.</Description>
    <Deployment runDeploymentRoot="C:\Documents and Settings\marmur\Moje dokumenty\pp\MTest\TestResults\marmur_WINVBOX 2011-02-28 23_49_16" />
    <TestTypeSpecific />
  </TestRunConfiguration>
  <ResultSummary outcome="Completed">
    <Counters total="1" executed="1" passed="1" error="0" failed="0" timeout="0" aborted="0" inconclusive="0" passedButRunAborted="0" notRunnable="0" notExecuted="0" disconnected="0" warning="0" completed="0" inProgress="0" pending="0" />
  </ResultSummary>
  <Times creation="2011-02-28T23:49:16.1280588+01:00" queuing="2011-02-28T23:49:18.8720044+01:00" start="2011-02-28T23:49:19.3526956+01:00" finish="2011-02-28T23:49:19.9735884+01:00" />
  <TestDefinitions>
    <UnitTest name="TestMethod1" storage="c:\documents and settings\marmur\moje dokumenty\pp\mtest\mtestunittests\bin\debug\mtestunittests.dll" id="007af86e-30ec-20b9-0f4f-694f43d24db2">
      <Css projectStructure="" iteration="" />
      <Owners>
        <Owner name="" />
      </Owners>
      <Execution id="be507e3d-1f99-41cc-9556-063b372d63e8" />
      <TestMethod codeBase="C:\Documents and Settings\marmur\Moje dokumenty\pp\MTest\MTestUnitTests\bin\Debug\MTestUnitTests.dll" adapterTypeName="Microsoft.VisualStudio.TestTools.TestTypes.Unit.UnitTestAdapter, Microsoft.VisualStudio.QualityTools.Tips.UnitTest.Adapter, Version=9.0.0.0, Culture=neutral, PublicKeyToken=b03f5f7f11d50a3a" className="MTestUnitTests.UnitTest1, MTestUnitTests" name="TestMethod1" />
    </UnitTest>
  </TestDefinitions>
  <TestLists>
    <TestList name="Results Not in a List" id="8c84fa94-04c1-424b-9868-57a2d4851a1d" />
    <TestList name="All Loaded Results" id="19431567-8539-422a-85d7-44ee4e166bda" />
  </TestLists>
  <TestEntries>
    <TestEntry testId="007af86e-30ec-20b9-0f4f-694f43d24db2" executionId="be507e3d-1f99-41cc-9556-063b372d63e8" testListId="8c84fa94-04c1-424b-9868-57a2d4851a1d" />
  </TestEntries>
  <Results>
    <UnitTestResult executionId="be507e3d-1f99-41cc-9556-063b372d63e8" testId="007af86e-30ec-20b9-0f4f-694f43d24db2" testName="TestMethod1" computerName="WINVBOX" duration="00:00:00.0115316" startTime="2011-02-28T23:49:19.5029116+01:00" endTime="2011-02-28T23:49:19.8133580+01:00" testType="13cdc9d9-ddb5-4fa4-a97d-d965ccfc6d4b" outcome="Passed" testListId="8c84fa94-04c1-424b-9868-57a2d4851a1d">
      <Output>
      </Output>
    </UnitTestResult>
  </Results>
</TestRun>